p1_lib.mli p1_parse_grammar.mli p1_extra_combinators.ml p1_parse_grammar.ml p1_lib.ml p1_cl.ml p1_gen_shared.ml p1_gen_p4.ml p1_gen.ml p1_examples.ml
